../Core/Src/main.c:54:5:_write	1
../Core/Src/main.c:61:6:_enable_led	1
../Core/Src/main.c:66:6:_disable_led	1
../Core/Src/main.c:147:6:process_character	3
../Core/Src/main.c:168:6:HAL_UARTEx_RxEventCallback	3
../Core/Src/main.c:184:6:HAL_UARTEx_ErrorCallback	1
../Core/Src/main.c:210:5:main	2
../Core/Src/main.c:392:6:SystemClock_Config	3
../Core/Src/main.c:466:13:MX_ADC1_Init	4
../Core/Src/main.c:534:13:MX_CORDIC_Init	2
../Core/Src/main.c:560:13:MX_FMAC_Init	2
../Core/Src/main.c:586:13:MX_I2C3_Init	4
../Core/Src/main.c:634:13:MX_IRTIM_Init	1
../Core/Src/main.c:655:13:MX_RNG_Init	2
../Core/Src/main.c:682:13:MX_RTC_Init	3
../Core/Src/main.c:726:13:MX_SPI2_Init	2
../Core/Src/main.c:766:13:MX_TIM1_Init	4
../Core/Src/main.c:828:13:MX_TIM3_Init	9
../Core/Src/main.c:899:13:MX_TIM8_Init	4
../Core/Src/main.c:961:13:MX_TIM15_Init	5
../Core/Src/main.c:1027:13:MX_TIM16_Init	5
../Core/Src/main.c:1089:13:MX_TIM17_Init	5
../Core/Src/main.c:1151:13:MX_UART5_Init	5
../Core/Src/main.c:1200:13:MX_USART3_UART_Init	5
../Core/Src/main.c:1246:13:MX_DMA_Init	1
../Core/Src/main.c:1265:13:MX_GPIO_Init	1
../Core/Src/main.c:1373:6:StartReadSensors	4
../Core/Src/main.c:1564:6:StartSendTelemetry	3
../Core/Src/main.c:1656:6:StartReadCommands	15
../Core/Src/main.c:1845:6:StartGNC	3
../Core/Src/main.c:1898:6:HAL_TIM_PeriodElapsedCallback	2
../Core/Src/main.c:1916:6:Error_Handler	1
