../Core/Src/main.c:54:5:_write	24	static
../Core/Src/main.c:61:6:_enable_led	8	static
../Core/Src/main.c:66:6:_disable_led	8	static
../Core/Src/main.c:151:6:HAL_UARTEx_RxEventCallback	16	static
../Core/Src/main.c:181:6:HAL_UARTEx_ErrorCallback	16	static
../Core/Src/main.c:205:5:main	144	static
../Core/Src/main.c:400:6:SystemClock_Config	112	static
../Core/Src/main.c:474:13:MX_ADC1_Init	56	static
../Core/Src/main.c:542:13:MX_CORDIC_Init	8	static
../Core/Src/main.c:568:13:MX_FMAC_Init	8	static
../Core/Src/main.c:594:13:MX_I2C3_Init	8	static
../Core/Src/main.c:642:13:MX_IRTIM_Init	4	static
../Core/Src/main.c:663:13:MX_RNG_Init	8	static
../Core/Src/main.c:690:13:MX_RTC_Init	8	static
../Core/Src/main.c:734:13:MX_SPI2_Init	8	static
../Core/Src/main.c:774:13:MX_TIM1_Init	80	static
../Core/Src/main.c:836:13:MX_TIM3_Init	64	static
../Core/Src/main.c:907:13:MX_TIM8_Init	80	static
../Core/Src/main.c:969:13:MX_TIM15_Init	104	static
../Core/Src/main.c:1035:13:MX_TIM16_Init	88	static
../Core/Src/main.c:1097:13:MX_TIM17_Init	88	static
../Core/Src/main.c:1159:13:MX_UART5_Init	8	static
../Core/Src/main.c:1207:13:MX_USART3_UART_Init	8	static
../Core/Src/main.c:1253:13:MX_DMA_Init	16	static
../Core/Src/main.c:1275:13:MX_GPIO_Init	48	static
../Core/Src/main.c:1379:10:parse_str_time_ms	32	static
../Core/Src/main.c:1405:6:determineState	80	static
../Core/Src/main.c:1465:6:StartReadSensors	408	static
../Core/Src/main.c:1597:6:StartSendTelemetry	536	static
../Core/Src/main.c:1721:6:StartReadCommands	144	static
../Core/Src/main.c:1923:6:StartGNC	16	static
../Core/Src/main.c:1953:6:HAL_TIM_PeriodElapsedCallback	16	static
../Core/Src/main.c:1971:6:Error_Handler	4	static,ignoring_inline_asm
