../Core/Src/stm32g4xx_it.c:73:6:NMI_Handler	4	static
../Core/Src/stm32g4xx_it.c:88:6:HardFault_Handler	8	static
../Core/Src/stm32g4xx_it.c:107:6:MemManage_Handler	4	static
../Core/Src/stm32g4xx_it.c:122:6:BusFault_Handler	4	static
../Core/Src/stm32g4xx_it.c:137:6:UsageFault_Handler	4	static
../Core/Src/stm32g4xx_it.c:152:6:DebugMon_Handler	4	static
../Core/Src/stm32g4xx_it.c:172:6:DMA1_Channel3_IRQHandler	8	static
../Core/Src/stm32g4xx_it.c:186:6:USB_LP_IRQHandler	8	static
../Core/Src/stm32g4xx_it.c:200:6:USART3_IRQHandler	8	static
../Core/Src/stm32g4xx_it.c:214:6:TIM6_DAC_IRQHandler	8	static
